3.12  splink               ok               5.4s builds=[]
3.12  dedupe               ok               6.1s builds=['affinegap==1.12', 'dedupe-levenshtein-search==1.4.5', 'dedupe==3.0.3']
3.12  recordlinkage        ok               2.0s builds=[]
3.12  pyjedai              ok               658.3s builds=['py-stringcompare==0.2.2']
3.12  string_grouper       ok               16.0s builds=['sparse-dot-topn==1.2.0']
3.12  polyfuzz             import-failed    0.9s builds=[]
3.12  csvmatch             install-failed   4.1s builds=['dedupe==2.0.24', 'doublemetaphone==1.1']
3.12  zingg                ok               1.0s builds=[]
3.12  nomenklatura         install-failed   1.5s builds=['pyicu==2.16.2']
3.12  senzing              import-failed    1.0s builds=[]
3.12  datasketch           ok               0.5s builds=[]
3.12  name_matching        ok               4.2s builds=[]
3.12  spark_matcher        ok               1.3s builds=[]
3.12  py_entitymatching    install-failed   2.2s builds=[]
3.12  rltk                 ok               1.8s builds=[]
3.12  deepmatcher          import-failed    2.6s builds=['deepmatcher==0.1.2.post1']
3.12  entity_embed         install-failed   4.8s builds=[]
3.12  fuzzymatcher         ok               1.3s builds=['metaphone==0.6']
3.12  pandas_dedupe        ok               0.8s builds=[]
3.12  duckdb               ok               0.1s builds=[]
3.13  splink               ok               5.6s builds=[]
3.13  dedupe               ok               9.4s builds=['affinegap==1.12', 'dedupe-levenshtein-search==1.4.5', 'dedupe==3.0.3', 'pylbfgs==0.2.0.16']
3.13  recordlinkage        ok               1.7s builds=[]
3.13  pyjedai              ok               117.2s builds=['py-stringcompare==0.2.2']
3.13  string_grouper       ok               1.0s builds=[]
3.13  polyfuzz             import-failed    0.2s builds=[]
3.13  csvmatch             install-failed   3.0s builds=['doublemetaphone==1.1']
3.13  zingg                ok               0.1s builds=[]
3.13  nomenklatura         install-failed   0.8s builds=['pyicu==2.16.2']
3.13  senzing              import-failed    0.1s builds=[]
3.13  datasketch           ok               0.1s builds=[]
3.13  name_matching        ok               0.4s builds=[]
3.13  spark_matcher        ok               0.6s builds=[]
3.13  py_entitymatching    install-failed   0.3s builds=[]
3.13  rltk                 ok               0.5s builds=[]
3.13  deepmatcher          import-failed    46.1s builds=['fasttext==0.9.3']
3.13  entity_embed         install-failed   0.1s builds=[]
3.13  fuzzymatcher         ok               0.1s builds=[]
3.13  pandas_dedupe        ok               0.2s builds=[]
3.13  duckdb               ok               0.1s builds=[]
done
