Probability two random records match is estimated to be  0.000783.
This means that amongst all possible pairwise record comparisons, one in 1,276.68 are expected to match.  With 499,500 total possible comparisons, we expect a total of around 391.25 matching pairs
----- Estimating u probabilities using random sampling -----

Estimated u probabilities using random sampling

Your model is not yet fully trained. Missing estimates for:
    - given_name (no m values are trained).
    - surname (no m values are trained).
    - date_of_birth (no m values are trained).
    - suburb (no m values are trained).
    - postcode (no m values are trained).
    - address_1 (no m values are trained).

----- Starting EM training session -----

Estimating the m probabilities of the model by blocking on:
l."date_of_birth" = r."date_of_birth"

Parameter estimates will be made for the following comparison(s):
    - given_name
    - surname
    - suburb
    - postcode
    - address_1

Parameter estimates cannot be made for the following comparison(s) since they are used in the blocking rules: 
    - date_of_birth

Iteration 1: Largest change in params was -0.312 in the m_probability of address_1, level `Exact match on address_1`
Iteration 2: Largest change in params was 0.0104 in the m_probability of surname, level `All other comparisons`
Iteration 3: Largest change in params was -8.16e-05 in the m_probability of postcode, level `Exact match on postcode`

EM converged after 3 iterations

Your model is not yet fully trained. Missing estimates for:
    - date_of_birth (no m values are trained).

----- Starting EM training session -----

Estimating the m probabilities of the model by blocking on:
(l."surname" = r."surname") AND (l."given_name" = r."given_name")

Parameter estimates will be made for the following comparison(s):
    - date_of_birth
    - suburb
    - postcode
    - address_1

Parameter estimates cannot be made for the following comparison(s) since they are used in the blocking rules: 
    - given_name
    - surname

WARNING:
Level Jaro-Winkler distance of address_1 >= 0.8 on comparison address_1 not observed in dataset, unable to train m value

Iteration 1: Largest change in params was 0.0681 in the m_probability of date_of_birth, level `All other comparisons`
Iteration 2: Largest change in params was 0.00184 in probability_two_random_records_match
Iteration 3: Largest change in params was 6.66e-05 in probability_two_random_records_match

EM converged after 3 iterations
m probability not trained for address_1 - Jaro-Winkler distance of address_1 >= 0.8 (comparison vector value: 1). This usually means the comparison level was never observed in the training data.

Your model is fully trained. All comparisons have at least one estimate for their m and u values
Blocking time: 0.01 seconds
Predict time: 0.08 seconds
Completed iteration 1, num edges remaining to process: 0
Completed iteration 1, num edges remaining to process: 0
Completed iteration 1, num edges remaining to process: 0
Completed iteration 1, num edges remaining to process: 0
